uv : Creating test database for alias 'default' 
('file:memorydb_default?mode=memory&cache=shared
')...
At line:1 char:1
+ uv run python manage.py test 
ai.tests.TTSServiceTests -v 2 > test_out ...
+ ~~~~~~~~~~~~~~~~~~~~~~~~~~~~~~~~~~~~~~~~~~~~~~
~~~~~~~~~~~~~~~~~~~~~~~
    + CategoryInfo          : NotSpecified: (Cr 
   eating test d...che=shared')...:String) [],  
   RemoteException
    + FullyQualifiedErrorId : NativeCommandErro 
   r
 

Found 2 test(s).
Operations to perform:
  Synchronize unmigrated apps: allauth, api, csp, dbbackup, django_cleanup, django_htmx, google, messages, meta, pwa, rest_framework, runserver_nostatic, sitemaps, staticfiles
  Apply all migrations: account, admin, ai, archives, auth, authtoken, books, contenttypes, core, django_comments, insights, sessions, sites, socialaccount, taggit, threadedcomments, users, webpush
Synchronizing apps without migrations:
  Creating tables...
    Running deferred SQL...
Running migrations:
  Applying contenttypes.0001_initial... OK
  Applying contenttypes.0002_remove_content_type_name... OK
  Applying auth.0001_initial... OK
  Applying auth.0002_alter_permission_name_max_length... OK
  Applying auth.0003_alter_user_email_max_length... OK
  Applying auth.0004_alter_user_username_opts... OK
  Applying auth.0005_alter_user_last_login_null... OK
  Applying auth.0006_require_contenttypes_0002... OK
  Applying auth.0007_alter_validators_add_error_messages... OK
  Applying auth.0008_alter_user_username_max_length... OK
  Applying auth.0009_alter_user_last_name_max_length... OK
  Applying auth.0010_alter_group_name_max_length... OK
  Applying auth.0011_update_proxy_permissions... OK
  Applying auth.0012_alter_user_first_name_max_length... OK
  Applying users.0001_initial... OK
  Applying account.0001_initial... OK
  Applying account.0002_email_max_length... OK
  Applying account.0003_alter_emailaddress_create_unique_verified_email... OK
  Applying account.0004_alter_emailaddress_drop_unique_email... OK
  Applying account.0005_emailaddress_idx_upper_email... OK
  Applying account.0006_emailaddress_lower... OK
  Applying account.0007_emailaddress_idx_email... OK
  Applying account.0008_emailaddress_unique_primary_email_fixup... OK
  Applying account.0009_emailaddress_unique_primary_email... OK
  Applying admin.0001_initial... OK
  Applying admin.0002_logentry_remove_auto_add... OK
  Applying admin.0003_logentry_add_action_flag_choices... OK
  Applying archives.0001_initial... OK
  Applying ai.0001_initial... OK
  Applying archives.0002_archive_sort_year_archive_arch_sort_year_idx... OK
  Applying archives.0003_archive_is_rejected_archive_rejection_reason... OK
  Applying archives.0004_remove_archive_arch_slug_idx_and_more... OK
  Applying authtoken.0001_initial... OK
  Applying authtoken.0002_auto_20160226_1747... OK
  Applying authtoken.0003_tokenproxy... OK
  Applying authtoken.0004_alter_tokenproxy_options... OK
  Applying books.0001_initial... OK
  Applying books.0002_remove_extra_cover_images... OK
  Applying books.0003_bookrecommendation_is_rejected_and_more... OK
  Applying books.0004_alter_bookrecommendation_added_by... OK
  Applying core.0001_email_tracking... OK
  Applying sites.0001_initial... OK
  Applying django_comments.0001_initial... OK
  Applying django_comments.0002_update_user_email_field_length... OK
  Applying django_comments.0003_add_submit_date_index... OK
  Applying django_comments.0004_add_object_pk_is_removed_index... OK
  Applying insights.0001_initial... OK
  Applying insights.0002_insightpost_is_rejected_insightpost_rejection_reason... OK
  Applying insights.0003_alter_insightpost_author... OK
  Applying sessions.0001_initial... OK
  Applying sites.0002_alter_domain_unique... OK
  Applying socialaccount.0001_initial... OK
  Applying socialaccount.0002_token_max_lengths... OK
  Applying socialaccount.0003_extra_data_default_dict... OK
  Applying socialaccount.0004_app_provider_id_settings... OK
  Applying socialaccount.0005_socialtoken_nullable_app... OK
  Applying socialaccount.0006_alter_socialaccount_extra_data... OK
  Applying taggit.0001_initial... OK
  Applying taggit.0002_auto_20150616_2121... OK
  Applying taggit.0003_taggeditem_add_unique_index... OK
  Applying taggit.0004_alter_taggeditem_content_type_alter_taggeditem_tag... OK
  Applying taggit.0005_auto_20220424_2025... OK
  Applying taggit.0006_rename_taggeditem_content_type_object_id_taggit_tagg_content_8fc721_idx... OK
  Applying threadedcomments.0001_initial... OK
  Applying threadedcomments.0002_auto_20150521_2011... OK
  Applying threadedcomments.0003_threadedcomment_newest_activity... OK
  Applying users.0002_customuser_last_weekly_update_at... OK
  Applying users.0003_customuser_deactivated_at_and_more... OK
  Applying webpush.0001_initial... OK
  Applying webpush.0002_auto_20190603_0005... OK
  Applying webpush.0003_subscriptioninfo_user_agent... OK
  Applying webpush.0004_auto_20220831_1500... OK
test_yarngpt_success 
(ai.tests.TTSServiceTests.test_yarngpt_success)
Test YarnGPT success path. ... ok
test_yarngpt_timeout_fallback (ai.tests.TTSServi
ceTests.test_yarngpt_timeout_fallback)
Test that YarnGPT timeout triggers Gemini 
fallback. ... WARNING 2026-02-17 16:47:15,212 
tts_service YarnGPT failed, failing over to 
Gemini: Operation timed out
FAIL

================================================
======================
FAIL: test_yarngpt_timeout_fallback (ai.tests.TT
SServiceTests.test_yarngpt_timeout_fallback)
Test that YarnGPT timeout triggers Gemini 
fallback.
------------------------------------------------
----------------------
Traceback (most recent call last):
  File "C:\Users\nwoki\AppData\Roaming\uv\python
\cpython-3.13.11-windows-x86_64-none\Lib\unittes
t\mock.py", line 1426, in patched
    return func(*newargs, **newkeywargs)
  File "C:\Users\nwoki\Desktop\igbo-archives-pla
tform\ai\tests.py", line 178, in 
test_yarngpt_timeout_fallback
    self.assertEqual(mock_post.call_count, 2) # 
Should retry once before failing over
    ~~~~~~~~~~~~~~~~^^^^^^^^^^^^^^^^^^^^^^^^^
AssertionError: 1 != 2

------------------------------------------------
----------------------
Ran 2 tests in 0.034s

FAILED (failures=1)
Destroying test database for alias 'default' ('f
ile:memorydb_default?mode=memory&cache=shared').
..

  Applying webpush.0005_auto_20230614_1529... OK
System check identified no issues (0 silenced).
